../filter/Complementary.c:129:6:FILTER_setDoBiasEstimation	16	static
../filter/Complementary.c:134:6:FILTER_getDoBiasEstimation	4	static
../filter/Complementary.c:139:6:FILTER_setDoAdaptiveGain	16	static
../filter/Complementary.c:144:6:FILTER_getDoAdaptiveGain	4	static
../filter/Complementary.c:149:6:FILTER_setGainAcc	16	static
../filter/Complementary.c:160:7:FILTER_getGainAcc	4	static
../filter/Complementary.c:165:6:FILTER_getSteadyState	4	static
../filter/Complementary.c:170:6:FILTER_setBiasAlpha	16	static
../filter/Complementary.c:181:7:FILTER_getBiasAlpha	4	static
../filter/Complementary.c:186:6:FILTER_setOrientation	24	static
../filter/Complementary.c:193:7:FILTER_getAngularVelocityBiasX	4	static
../filter/Complementary.c:198:7:FILTER_getAngularVelocityBiasY	4	static
../filter/Complementary.c:203:7:FILTER_getAngularVelocityBiasZ	4	static
../filter/Complementary.c:208:6:FILTER_reset	4	static
../filter/Complementary.c:227:6:FILTER_update	80	static
../filter/Complementary.c:279:6:checkState	48	static
../filter/Complementary.c:299:6:updateBiases	32	static
../filter/Complementary.c:316:6:getPrediction	56	static
../filter/Complementary.c:332:6:getMeasurement	48	static
../filter/Complementary.c:360:6:getAccCorrection	72	static
../filter/Complementary.c:383:6:FILTER_getOrientation	24	static
../filter/Complementary.c:390:7:getAdaptiveGain	64	static
../filter/Complementary.c:411:6:normalizeVector	32	static
../filter/Complementary.c:420:6:normalizeQuaternion	32	static
../filter/Complementary.c:429:6:invertQuaternion	40	static
../filter/Complementary.c:440:6:scaleQuaternion	56	static
../filter/Complementary.c:467:6:quaternionMultiplication	56	static
../filter/Complementary.c:479:6:rotateVectorByQuaternion	48	static
