../source/imu_filter.c:29:17:IMU_FILTER_Init	16	static
../source/imu_filter.c:44:17:IMU_FILTER_Processor	56	static
../source/imu_filter.c:85:17:IMU_FILTER_Reset	8	static
../source/imu_filter.c:95:17:IMU_FILTER_GetValues	16	static
../source/imu_filter.c:106:17:IMU_FILTER_GetPitchAngle	16	static
../source/imu_filter.c:115:17:IMU_FILTER_GetRollAngle	16	static
../source/imu_filter.c:124:17:IMU_FILTER_GetYawAngle	16	static
../source/imu_filter.c:133:17:IMU_FILTER_SetFilterActive	16	static
../source/imu_filter.c:143:17:IMU_FILTER_GetFilterActive	16	static
../source/imu_filter.c:153:6:_QuatToEuler	56	static
