../source/imu_manager.c:126:6:_checkEEPROM	24	static
../source/imu_manager.c:136:6:_setDefaultCalib	24	static
../source/imu_manager.c:169:6:_setDefaultAccCalib	16	static
../source/imu_manager.c:197:6:_setDefaultGyrCalib	16	static
../source/imu_manager.c:227:6:_calcChecksum	32	static
../source/imu_manager.c:240:11:_getParamPtr	24	static
../source/imu_manager.c:358:6:_isAccParameter	24	static
../source/imu_manager.c:391:6:_isGyrParameter	24	static
../source/imu_manager.c:424:6:_applyCalibration	16	static
../source/imu_manager.c:442:6:_applyRotation	16	static
../source/imu_manager.c:651:6:_applyCustomRotation	16	static
../source/imu_manager.c:679:6:_quat2rotM	64	static
../source/imu_manager.c:722:6:_proccesNewQuat	8	static
../source/imu_manager.c:730:6:_Reset_Filter	8	static
../source/imu_manager.c:738:17:IMU_MANAGER_Init	24	static
../source/imu_manager.c:856:17:IMU_MANAGER_Processor	8	static
../source/imu_manager.c:864:6:IMU_MANAGER_IsInitialized	4	static
../source/imu_manager.c:869:6:IMU_MANAGER_IsReset	16	static
../source/imu_manager.c:878:10:IMU_MANAGER_GetIMUEEPROMSize	4	static
../source/imu_manager.c:883:6:IMU_MANAGER_IsAccCalibrationValid	4	static
../source/imu_manager.c:888:6:IMU_MANAGER_IsGyrCalibrationValid	4	static
../source/imu_manager.c:893:17:IMU_MANAGER_GetHWID	16	static
../source/imu_manager.c:913:17:IMU_MANAGER_GetDiagnostic	24	static
../source/imu_manager.c:932:17:IMU_MANAGER_GetIMURawValues	16	static
../source/imu_manager.c:940:17:IMU_MANAGER_GetIMURawAx	48	static
../source/imu_manager.c:952:17:IMU_MANAGER_GetIMURawAy	48	static
../source/imu_manager.c:964:17:IMU_MANAGER_GetIMURawAz	48	static
../source/imu_manager.c:976:17:IMU_MANAGER_GetIMURawGp	48	static
../source/imu_manager.c:988:17:IMU_MANAGER_GetIMURawGr	48	static
../source/imu_manager.c:1000:17:IMU_MANAGER_GetIMURawGy	48	static
../source/imu_manager.c:1012:17:IMU_MANAGER_GetIMUValues	72	static
../source/imu_manager.c:1037:17:IMU_MANAGER_GetIMUALat	48	static
../source/imu_manager.c:1049:17:IMU_MANAGER_GetIMUALong	48	static
../source/imu_manager.c:1061:17:IMU_MANAGER_GetIMUAVert	48	static
../source/imu_manager.c:1073:17:IMU_MANAGER_GetIMUGPitchRate	48	static
../source/imu_manager.c:1085:17:IMU_MANAGER_GetIMUGRollRate	48	static
../source/imu_manager.c:1098:17:IMU_MANAGER_GetIMUGYawRate	48	static
../source/imu_manager.c:1110:17:IMU_MANAGER_GetIMUTemperature	16	static
../source/imu_manager.c:1118:17:IMU_MANAGER_GetIMUTemperatures	16	static
../source/imu_manager.c:1126:17:IMU_MANAGER_GetIMUTempAx	48	static
../source/imu_manager.c:1138:17:IMU_MANAGER_GetIMUTempAy	48	static
../source/imu_manager.c:1150:17:IMU_MANAGER_GetIMUTempAz	48	static
../source/imu_manager.c:1162:17:IMU_MANAGER_GetIMUTempGp	48	static
../source/imu_manager.c:1174:17:IMU_MANAGER_GetIMUTempGr	48	static
../source/imu_manager.c:1186:17:IMU_MANAGER_GetIMUTempGy	48	static
../source/imu_manager.c:1198:17:IMU_MANAGER_SetCalibrationParameter	24	static
../source/imu_manager.c:1218:17:IMU_MANAGER_GetCalibrationParameter	24	static
../source/imu_manager.c:1232:17:IMU_MANAGER_SetMountingPosition	16	static
../source/imu_manager.c:1243:17:IMU_MANAGER_GetMountingPosition	16	static
../source/imu_manager.c:1250:17:IMU_MANAGER_SetMountingQuaternion	24	static
../source/imu_manager.c:1264:17:IMU_MANAGER_SetMountingQuaternionQw	16	static
../source/imu_manager.c:1272:17:IMU_MANAGER_SetMountingQuaternionQx	16	static
../source/imu_manager.c:1280:17:IMU_MANAGER_SetMountingQuaternionQy	16	static
../source/imu_manager.c:1288:17:IMU_MANAGER_SetMountingQuaternionQz	16	static
../source/imu_manager.c:1296:17:IMU_MANAGER_SetMountingQuaternionEnd	8	static
../source/imu_manager.c:1305:17:IMU_MANAGER_GetMountingQuaternion	16	static
../source/imu_manager.c:1315:17:IMU_MANAGER_GetMountingQuaternionQw	16	static
../source/imu_manager.c:1322:17:IMU_MANAGER_GetMountingQuaternionQx	16	static
../source/imu_manager.c:1329:17:IMU_MANAGER_GetMountingQuaternionQy	16	static
../source/imu_manager.c:1336:17:IMU_MANAGER_GetMountingQuaternionQz	16	static
../source/imu_manager.c:1343:17:IMU_MANAGER_RestoreDefaultConfigurationAcc	8	static
../source/imu_manager.c:1350:17:IMU_MANAGER_RestoreDefaultConfigurationGyr	8	static
../source/imu_manager.c:1357:17:IMU_MANAGER_RestoreDefaultConfigurationFull	8	static
../source/imu_manager.c:1364:17:IMU_MANAGER_PersistConfiguration	16	static
