../drivers/asm330lhh/asm330lhh_STdC/driver/asm330lhh_reg.c:66:9:asm330lhh_read_reg	40	static
../drivers/asm330lhh/asm330lhh_STdC/driver/asm330lhh_reg.c:84:9:asm330lhh_write_reg	40	static
../drivers/asm330lhh/asm330lhh_STdC/driver/asm330lhh_reg.c:104:9:asm330lhh_from_fs2g_to_mg	16	static
../drivers/asm330lhh/asm330lhh_STdC/driver/asm330lhh_reg.c:109:9:asm330lhh_from_fs4g_to_mg	16	static
../drivers/asm330lhh/asm330lhh_STdC/driver/asm330lhh_reg.c:114:9:asm330lhh_from_fs8g_to_mg	16	static
../drivers/asm330lhh/asm330lhh_STdC/driver/asm330lhh_reg.c:119:9:asm330lhh_from_fs16g_to_mg	16	static
../drivers/asm330lhh/asm330lhh_STdC/driver/asm330lhh_reg.c:124:9:asm330lhh_from_fs125dps_to_mdps	16	static
../drivers/asm330lhh/asm330lhh_STdC/driver/asm330lhh_reg.c:129:9:asm330lhh_from_fs250dps_to_mdps	16	static
../drivers/asm330lhh/asm330lhh_STdC/driver/asm330lhh_reg.c:134:9:asm330lhh_from_fs500dps_to_mdps	16	static
../drivers/asm330lhh/asm330lhh_STdC/driver/asm330lhh_reg.c:139:9:asm330lhh_from_fs1000dps_to_mdps	16	static
../drivers/asm330lhh/asm330lhh_STdC/driver/asm330lhh_reg.c:144:9:asm330lhh_from_fs2000dps_to_mdps	16	static
../drivers/asm330lhh/asm330lhh_STdC/driver/asm330lhh_reg.c:149:9:asm330lhh_from_fs4000dps_to_mdps	16	static
../drivers/asm330lhh/asm330lhh_STdC/driver/asm330lhh_reg.c:154:9:asm330lhh_from_lsb_to_celsius	16	static
../drivers/asm330lhh/asm330lhh_STdC/driver/asm330lhh_reg.c:159:9:asm330lhh_from_lsb_to_nsec	16	static
../drivers/asm330lhh/asm330lhh_STdC/driver/asm330lhh_reg.c:185:9:asm330lhh_xl_full_scale_set	24	static
../drivers/asm330lhh/asm330lhh_STdC/driver/asm330lhh_reg.c:208:9:asm330lhh_xl_full_scale_get	24	static
../drivers/asm330lhh/asm330lhh_STdC/driver/asm330lhh_reg.c:243:9:asm330lhh_xl_data_rate_set	24	static
../drivers/asm330lhh/asm330lhh_STdC/driver/asm330lhh_reg.c:266:9:asm330lhh_xl_data_rate_get	24	static
../drivers/asm330lhh/asm330lhh_STdC/driver/asm330lhh_reg.c:325:9:asm330lhh_gy_full_scale_set	24	static
../drivers/asm330lhh/asm330lhh_STdC/driver/asm330lhh_reg.c:347:9:asm330lhh_gy_full_scale_get	24	static
../drivers/asm330lhh/asm330lhh_STdC/driver/asm330lhh_reg.c:388:9:asm330lhh_gy_data_rate_set	24	static
../drivers/asm330lhh/asm330lhh_STdC/driver/asm330lhh_reg.c:410:9:asm330lhh_gy_data_rate_get	24	static
../drivers/asm330lhh/asm330lhh_STdC/driver/asm330lhh_reg.c:466:9:asm330lhh_block_data_update_set	24	static
../drivers/asm330lhh/asm330lhh_STdC/driver/asm330lhh_reg.c:487:9:asm330lhh_block_data_update_get	24	static
../drivers/asm330lhh/asm330lhh_STdC/driver/asm330lhh_reg.c:507:9:asm330lhh_xl_offset_weight_set	24	static
../drivers/asm330lhh/asm330lhh_STdC/driver/asm330lhh_reg.c:530:9:asm330lhh_xl_offset_weight_get	24	static
../drivers/asm330lhh/asm330lhh_STdC/driver/asm330lhh_reg.c:562:9:asm330lhh_all_sources_get	24	static
../drivers/asm330lhh/asm330lhh_STdC/driver/asm330lhh_reg.c:597:9:asm330lhh_status_reg_get	24	static
../drivers/asm330lhh/asm330lhh_STdC/driver/asm330lhh_reg.c:613:9:asm330lhh_xl_flag_data_ready_get	24	static
../drivers/asm330lhh/asm330lhh_STdC/driver/asm330lhh_reg.c:633:9:asm330lhh_gy_flag_data_ready_get	24	static
../drivers/asm330lhh/asm330lhh_STdC/driver/asm330lhh_reg.c:653:9:asm330lhh_temp_flag_data_ready_get	24	static
../drivers/asm330lhh/asm330lhh_STdC/driver/asm330lhh_reg.c:675:9:asm330lhh_xl_usr_offset_x_set	24	static
../drivers/asm330lhh/asm330lhh_STdC/driver/asm330lhh_reg.c:692:9:asm330lhh_xl_usr_offset_x_get	24	static
../drivers/asm330lhh/asm330lhh_STdC/driver/asm330lhh_reg.c:709:9:asm330lhh_xl_usr_offset_y_set	24	static
../drivers/asm330lhh/asm330lhh_STdC/driver/asm330lhh_reg.c:726:9:asm330lhh_xl_usr_offset_y_get	24	static
../drivers/asm330lhh/asm330lhh_STdC/driver/asm330lhh_reg.c:743:9:asm330lhh_xl_usr_offset_z_set	24	static
../drivers/asm330lhh/asm330lhh_STdC/driver/asm330lhh_reg.c:760:9:asm330lhh_xl_usr_offset_z_get	24	static
../drivers/asm330lhh/asm330lhh_STdC/driver/asm330lhh_reg.c:775:9:asm330lhh_xl_usr_offset_set	24	static
../drivers/asm330lhh/asm330lhh_STdC/driver/asm330lhh_reg.c:796:9:asm330lhh_xl_usr_offset_get	24	static
../drivers/asm330lhh/asm330lhh_STdC/driver/asm330lhh_reg.c:828:9:asm330lhh_timestamp_set	24	static
../drivers/asm330lhh/asm330lhh_STdC/driver/asm330lhh_reg.c:850:9:asm330lhh_timestamp_get	24	static
../drivers/asm330lhh/asm330lhh_STdC/driver/asm330lhh_reg.c:871:9:asm330lhh_timestamp_raw_get	24	static
../drivers/asm330lhh/asm330lhh_STdC/driver/asm330lhh_reg.c:898:9:asm330lhh_rounding_mode_set	24	static
../drivers/asm330lhh/asm330lhh_STdC/driver/asm330lhh_reg.c:920:9:asm330lhh_rounding_mode_get	24	static
../drivers/asm330lhh/asm330lhh_STdC/driver/asm330lhh_reg.c:957:9:asm330lhh_temperature_raw_get	24	static
../drivers/asm330lhh/asm330lhh_STdC/driver/asm330lhh_reg.c:973:9:asm330lhh_angular_rate_raw_get	24	static
../drivers/asm330lhh/asm330lhh_STdC/driver/asm330lhh_reg.c:989:9:asm330lhh_acceleration_raw_get	24	static
../drivers/asm330lhh/asm330lhh_STdC/driver/asm330lhh_reg.c:1004:9:asm330lhh_fifo_out_raw_get	24	static
../drivers/asm330lhh/asm330lhh_STdC/driver/asm330lhh_reg.c:1033:9:asm330lhh_odr_cal_reg_set	24	static
../drivers/asm330lhh/asm330lhh_STdC/driver/asm330lhh_reg.c:1058:9:asm330lhh_odr_cal_reg_get	24	static
../drivers/asm330lhh/asm330lhh_STdC/driver/asm330lhh_reg.c:1079:9:asm330lhh_data_ready_mode_set	24	static
../drivers/asm330lhh/asm330lhh_STdC/driver/asm330lhh_reg.c:1104:9:asm330lhh_data_ready_mode_get	24	static
../drivers/asm330lhh/asm330lhh_STdC/driver/asm330lhh_reg.c:1134:9:asm330lhh_device_id_get	24	static
../drivers/asm330lhh/asm330lhh_STdC/driver/asm330lhh_reg.c:1149:9:asm330lhh_reset_set	24	static
../drivers/asm330lhh/asm330lhh_STdC/driver/asm330lhh_reg.c:1170:9:asm330lhh_reset_get	24	static
../drivers/asm330lhh/asm330lhh_STdC/driver/asm330lhh_reg.c:1190:9:asm330lhh_auto_increment_set	24	static
../drivers/asm330lhh/asm330lhh_STdC/driver/asm330lhh_reg.c:1212:9:asm330lhh_auto_increment_get	24	static
../drivers/asm330lhh/asm330lhh_STdC/driver/asm330lhh_reg.c:1231:9:asm330lhh_boot_set	24	static
../drivers/asm330lhh/asm330lhh_STdC/driver/asm330lhh_reg.c:1252:9:asm330lhh_boot_get	24	static
../drivers/asm330lhh/asm330lhh_STdC/driver/asm330lhh_reg.c:1273:9:asm330lhh_xl_self_test_set	24	static
../drivers/asm330lhh/asm330lhh_STdC/driver/asm330lhh_reg.c:1295:9:asm330lhh_xl_self_test_get	24	static
../drivers/asm330lhh/asm330lhh_STdC/driver/asm330lhh_reg.c:1328:9:asm330lhh_gy_self_test_set	24	static
../drivers/asm330lhh/asm330lhh_STdC/driver/asm330lhh_reg.c:1350:9:asm330lhh_gy_self_test_get	24	static
../drivers/asm330lhh/asm330lhh_STdC/driver/asm330lhh_reg.c:1396:9:asm330lhh_xl_filter_lp2_set	24	static
../drivers/asm330lhh/asm330lhh_STdC/driver/asm330lhh_reg.c:1418:9:asm330lhh_xl_filter_lp2_get	24	static
../drivers/asm330lhh/asm330lhh_STdC/driver/asm330lhh_reg.c:1438:9:asm330lhh_gy_filter_lp1_set	24	static
../drivers/asm330lhh/asm330lhh_STdC/driver/asm330lhh_reg.c:1460:9:asm330lhh_gy_filter_lp1_get	24	static
../drivers/asm330lhh/asm330lhh_STdC/driver/asm330lhh_reg.c:1480:9:asm330lhh_filter_settling_mask_set	24	static
../drivers/asm330lhh/asm330lhh_STdC/driver/asm330lhh_reg.c:1502:9:asm330lhh_filter_settling_mask_get	24	static
../drivers/asm330lhh/asm330lhh_STdC/driver/asm330lhh_reg.c:1522:9:asm330lhh_gy_lp1_bandwidth_set	24	static
../drivers/asm330lhh/asm330lhh_STdC/driver/asm330lhh_reg.c:1544:9:asm330lhh_gy_lp1_bandwidth_get	24	static
../drivers/asm330lhh/asm330lhh_STdC/driver/asm330lhh_reg.c:1592:9:asm330lhh_xl_lp2_on_6d_set	24	static
../drivers/asm330lhh/asm330lhh_STdC/driver/asm330lhh_reg.c:1614:9:asm330lhh_xl_lp2_on_6d_get	24	static
../drivers/asm330lhh/asm330lhh_STdC/driver/asm330lhh_reg.c:1634:9:asm330lhh_xl_hp_path_on_out_set	24	static
../drivers/asm330lhh/asm330lhh_STdC/driver/asm330lhh_reg.c:1660:9:asm330lhh_xl_hp_path_on_out_get	24	static
../drivers/asm330lhh/asm330lhh_STdC/driver/asm330lhh_reg.c:1755:9:asm330lhh_xl_fast_settling_set	24	static
../drivers/asm330lhh/asm330lhh_STdC/driver/asm330lhh_reg.c:1779:9:asm330lhh_xl_fast_settling_get	24	static
../drivers/asm330lhh/asm330lhh_STdC/driver/asm330lhh_reg.c:1799:9:asm330lhh_xl_hp_path_internal_set	24	static
../drivers/asm330lhh/asm330lhh_STdC/driver/asm330lhh_reg.c:1823:9:asm330lhh_xl_hp_path_internal_get	24	static
../drivers/asm330lhh/asm330lhh_STdC/driver/asm330lhh_reg.c:1853:9:asm330lhh_gy_hp_path_internal_set	24	static
../drivers/asm330lhh/asm330lhh_STdC/driver/asm330lhh_reg.c:1877:9:asm330lhh_gy_hp_path_internal_get	24	static
../drivers/asm330lhh/asm330lhh_STdC/driver/asm330lhh_reg.c:1929:9:asm330lhh_sdo_sa0_mode_set	24	static
../drivers/asm330lhh/asm330lhh_STdC/driver/asm330lhh_reg.c:1951:9:asm330lhh_sdo_sa0_mode_get	24	static
../drivers/asm330lhh/asm330lhh_STdC/driver/asm330lhh_reg.c:1981:9:asm330lhh_spi_mode_set	24	static
../drivers/asm330lhh/asm330lhh_STdC/driver/asm330lhh_reg.c:2002:9:asm330lhh_spi_mode_get	24	static
../drivers/asm330lhh/asm330lhh_STdC/driver/asm330lhh_reg.c:2031:9:asm330lhh_i2c_interface_set	24	static
../drivers/asm330lhh/asm330lhh_STdC/driver/asm330lhh_reg.c:2053:9:asm330lhh_i2c_interface_get	24	static
../drivers/asm330lhh/asm330lhh_STdC/driver/asm330lhh_reg.c:2097:9:asm330lhh_pin_int1_route_set	24	static
../drivers/asm330lhh/asm330lhh_STdC/driver/asm330lhh_reg.c:2146:9:asm330lhh_pin_int1_route_get	24	static
../drivers/asm330lhh/asm330lhh_STdC/driver/asm330lhh_reg.c:2170:9:asm330lhh_pin_int2_route_set	24	static
../drivers/asm330lhh/asm330lhh_STdC/driver/asm330lhh_reg.c:2220:9:asm330lhh_pin_int2_route_get	24	static
../drivers/asm330lhh/asm330lhh_STdC/driver/asm330lhh_reg.c:2242:9:asm330lhh_pin_mode_set	24	static
../drivers/asm330lhh/asm330lhh_STdC/driver/asm330lhh_reg.c:2263:9:asm330lhh_pin_mode_get	24	static
../drivers/asm330lhh/asm330lhh_STdC/driver/asm330lhh_reg.c:2292:9:asm330lhh_pin_polarity_set	24	static
../drivers/asm330lhh/asm330lhh_STdC/driver/asm330lhh_reg.c:2314:9:asm330lhh_pin_polarity_get	24	static
../drivers/asm330lhh/asm330lhh_STdC/driver/asm330lhh_reg.c:2344:9:asm330lhh_all_on_int1_set	24	static
../drivers/asm330lhh/asm330lhh_STdC/driver/asm330lhh_reg.c:2365:9:asm330lhh_all_on_int1_get	24	static
../drivers/asm330lhh/asm330lhh_STdC/driver/asm330lhh_reg.c:2384:9:asm330lhh_int_notification_set	24	static
../drivers/asm330lhh/asm330lhh_STdC/driver/asm330lhh_reg.c:2408:9:asm330lhh_int_notification_get	24	static
../drivers/asm330lhh/asm330lhh_STdC/driver/asm330lhh_reg.c:2454:9:asm330lhh_wkup_ths_weight_set	24	static
../drivers/asm330lhh/asm330lhh_STdC/driver/asm330lhh_reg.c:2480:9:asm330lhh_wkup_ths_weight_get	24	static
../drivers/asm330lhh/asm330lhh_STdC/driver/asm330lhh_reg.c:2512:9:asm330lhh_wkup_threshold_set	24	static
../drivers/asm330lhh/asm330lhh_STdC/driver/asm330lhh_reg.c:2536:9:asm330lhh_wkup_threshold_get	24	static
../drivers/asm330lhh/asm330lhh_STdC/driver/asm330lhh_reg.c:2556:9:asm330lhh_xl_usr_offset_on_wkup_set	24	static
../drivers/asm330lhh/asm330lhh_STdC/driver/asm330lhh_reg.c:2579:9:asm330lhh_xl_usr_offset_on_wkup_get	24	static
../drivers/asm330lhh/asm330lhh_STdC/driver/asm330lhh_reg.c:2600:9:asm330lhh_wkup_dur_set	24	static
../drivers/asm330lhh/asm330lhh_STdC/driver/asm330lhh_reg.c:2623:9:asm330lhh_wkup_dur_get	24	static
../drivers/asm330lhh/asm330lhh_STdC/driver/asm330lhh_reg.c:2656:9:asm330lhh_gy_sleep_mode_set	24	static
../drivers/asm330lhh/asm330lhh_STdC/driver/asm330lhh_reg.c:2677:9:asm330lhh_gy_sleep_mode_get	24	static
../drivers/asm330lhh/asm330lhh_STdC/driver/asm330lhh_reg.c:2698:9:asm330lhh_act_pin_notification_set	24	static
../drivers/asm330lhh/asm330lhh_STdC/driver/asm330lhh_reg.c:2723:9:asm330lhh_act_pin_notification_get	24	static
../drivers/asm330lhh/asm330lhh_STdC/driver/asm330lhh_reg.c:2752:9:asm330lhh_act_mode_set	24	static
../drivers/asm330lhh/asm330lhh_STdC/driver/asm330lhh_reg.c:2773:9:asm330lhh_act_mode_get	24	static
../drivers/asm330lhh/asm330lhh_STdC/driver/asm330lhh_reg.c:2809:9:asm330lhh_act_sleep_dur_set	24	static
../drivers/asm330lhh/asm330lhh_STdC/driver/asm330lhh_reg.c:2832:9:asm330lhh_act_sleep_dur_get	24	static
../drivers/asm330lhh/asm330lhh_STdC/driver/asm330lhh_reg.c:2865:9:asm330lhh_6d_threshold_set	24	static
../drivers/asm330lhh/asm330lhh_STdC/driver/asm330lhh_reg.c:2889:9:asm330lhh_6d_threshold_get	24	static
../drivers/asm330lhh/asm330lhh_STdC/driver/asm330lhh_reg.c:2926:9:asm330lhh_4d_mode_set	24	static
../drivers/asm330lhh/asm330lhh_STdC/driver/asm330lhh_reg.c:2949:9:asm330lhh_4d_mode_get	24	static
../drivers/asm330lhh/asm330lhh_STdC/driver/asm330lhh_reg.c:2982:9:asm330lhh_ff_threshold_set	24	static
../drivers/asm330lhh/asm330lhh_STdC/driver/asm330lhh_reg.c:3005:9:asm330lhh_ff_threshold_get	24	static
../drivers/asm330lhh/asm330lhh_STdC/driver/asm330lhh_reg.c:3053:9:asm330lhh_ff_dur_set	32	static
../drivers/asm330lhh/asm330lhh_STdC/driver/asm330lhh_reg.c:3086:9:asm330lhh_ff_dur_get	32	static
../drivers/asm330lhh/asm330lhh_STdC/driver/asm330lhh_reg.c:3125:9:asm330lhh_fifo_watermark_set	32	static
../drivers/asm330lhh/asm330lhh_STdC/driver/asm330lhh_reg.c:3154:9:asm330lhh_fifo_watermark_get	32	static
../drivers/asm330lhh/asm330lhh_STdC/driver/asm330lhh_reg.c:3180:9:asm330lhh_fifo_virtual_sens_odr_chg_set	24	static
../drivers/asm330lhh/asm330lhh_STdC/driver/asm330lhh_reg.c:3205:9:asm330lhh_fifo_virtual_sens_odr_chg_get	24	static
../drivers/asm330lhh/asm330lhh_STdC/driver/asm330lhh_reg.c:3227:9:asm330lhh_fifo_stop_on_wtm_set	24	static
../drivers/asm330lhh/asm330lhh_STdC/driver/asm330lhh_reg.c:3251:9:asm330lhh_fifo_stop_on_wtm_get	24	static
../drivers/asm330lhh/asm330lhh_STdC/driver/asm330lhh_reg.c:3272:9:asm330lhh_fifo_xl_batch_set	24	static
../drivers/asm330lhh/asm330lhh_STdC/driver/asm330lhh_reg.c:3297:9:asm330lhh_fifo_xl_batch_get	24	static
../drivers/asm330lhh/asm330lhh_STdC/driver/asm330lhh_reg.c:3359:9:asm330lhh_fifo_gy_batch_set	24	static
../drivers/asm330lhh/asm330lhh_STdC/driver/asm330lhh_reg.c:3384:9:asm330lhh_fifo_gy_batch_get	24	static
../drivers/asm330lhh/asm330lhh_STdC/driver/asm330lhh_reg.c:3445:9:asm330lhh_fifo_mode_set	24	static
../drivers/asm330lhh/asm330lhh_STdC/driver/asm330lhh_reg.c:3469:9:asm330lhh_fifo_mode_get	24	static
../drivers/asm330lhh/asm330lhh_STdC/driver/asm330lhh_reg.c:3513:9:asm330lhh_fifo_temp_batch_set	24	static
../drivers/asm330lhh/asm330lhh_STdC/driver/asm330lhh_reg.c:3538:9:asm330lhh_fifo_temp_batch_get	24	static
../drivers/asm330lhh/asm330lhh_STdC/driver/asm330lhh_reg.c:3577:9:asm330lhh_fifo_timestamp_decimation_set	24	static
../drivers/asm330lhh/asm330lhh_STdC/driver/asm330lhh_reg.c:3604:9:asm330lhh_fifo_timestamp_decimation_get	24	static
../drivers/asm330lhh/asm330lhh_STdC/driver/asm330lhh_reg.c:3643:9:asm330lhh_fifo_cnt_event_batch_set	24	static
../drivers/asm330lhh/asm330lhh_STdC/driver/asm330lhh_reg.c:3669:9:asm330lhh_fifo_cnt_event_batch_get	24	static
../drivers/asm330lhh/asm330lhh_STdC/driver/asm330lhh_reg.c:3701:9:asm330lhh_rst_batch_counter_set	24	static
../drivers/asm330lhh/asm330lhh_STdC/driver/asm330lhh_reg.c:3725:9:asm330lhh_rst_batch_counter_get	24	static
../drivers/asm330lhh/asm330lhh_STdC/driver/asm330lhh_reg.c:3746:9:asm330lhh_batch_counter_threshold_set	32	static
../drivers/asm330lhh/asm330lhh_STdC/driver/asm330lhh_reg.c:3776:9:asm330lhh_batch_counter_threshold_get	32	static
../drivers/asm330lhh/asm330lhh_STdC/driver/asm330lhh_reg.c:3804:9:asm330lhh_fifo_data_level_get	32	static
../drivers/asm330lhh/asm330lhh_STdC/driver/asm330lhh_reg.c:3830:9:asm330lhh_fifo_status_get	24	static
../drivers/asm330lhh/asm330lhh_STdC/driver/asm330lhh_reg.c:3846:9:asm330lhh_fifo_full_flag_get	24	static
../drivers/asm330lhh/asm330lhh_STdC/driver/asm330lhh_reg.c:3867:9:asm330lhh_fifo_ovr_flag_get	24	static
../drivers/asm330lhh/asm330lhh_STdC/driver/asm330lhh_reg.c:3887:9:asm330lhh_fifo_wtm_flag_get	24	static
../drivers/asm330lhh/asm330lhh_STdC/driver/asm330lhh_reg.c:3907:9:asm330lhh_fifo_sensor_tag_get	24	static
../drivers/asm330lhh/asm330lhh_STdC/driver/asm330lhh_reg.c:3960:9:asm330lhh_den_mode_set	24	static
../drivers/asm330lhh/asm330lhh_STdC/driver/asm330lhh_reg.c:3981:9:asm330lhh_den_mode_get	24	static
../drivers/asm330lhh/asm330lhh_STdC/driver/asm330lhh_reg.c:4020:9:asm330lhh_den_polarity_set	24	static
../drivers/asm330lhh/asm330lhh_STdC/driver/asm330lhh_reg.c:4043:9:asm330lhh_den_polarity_get	24	static
../drivers/asm330lhh/asm330lhh_STdC/driver/asm330lhh_reg.c:4073:9:asm330lhh_den_enable_set	24	static
../drivers/asm330lhh/asm330lhh_STdC/driver/asm330lhh_reg.c:4096:9:asm330lhh_den_enable_get	24	static
../drivers/asm330lhh/asm330lhh_STdC/driver/asm330lhh_reg.c:4129:9:asm330lhh_den_mark_axis_x_set	24	static
../drivers/asm330lhh/asm330lhh_STdC/driver/asm330lhh_reg.c:4151:9:asm330lhh_den_mark_axis_x_get	24	static
../drivers/asm330lhh/asm330lhh_STdC/driver/asm330lhh_reg.c:4170:9:asm330lhh_den_mark_axis_y_set	24	static
../drivers/asm330lhh/asm330lhh_STdC/driver/asm330lhh_reg.c:4192:9:asm330lhh_den_mark_axis_y_get	24	static
../drivers/asm330lhh/asm330lhh_STdC/driver/asm330lhh_reg.c:4211:9:asm330lhh_den_mark_axis_z_set	24	static
../drivers/asm330lhh/asm330lhh_STdC/driver/asm330lhh_reg.c:4232:9:asm330lhh_den_mark_axis_z_get	24	static
